[Qt] fix error: expected str, bytes or os.PathLike object, not NoneType
[UAC] Повышенный процесс запущен (код 42)
